📂 하드스킬 답안 데이터 로딩 중...
✅ 74명의 데이터 로드 완료


======================================================================
📝 채점 중: 강우진
======================================================================

문제 1 채점 중...
  ✅ 점수: 0.0점 (input() 사용으로 테스트 불가 (solution 함수 형식 필요))

문제 2 채점 중...
  ✅ 점수: 100.0점 (6/6 테스트 통과)

문제 3 채점 중...
  ✅ 점수: 10.0점 (구문 오류: invalid syntax (<string>, line 3))


======================================================================
📊 강우진 채점 완료: 2/3 문제 완료, 총점: 36.7/100
======================================================================

⏭️  강충원: 제출된 코드 없음 (건너뛰기)


======================================================================
📝 채점 중: 곽현엽
======================================================================

문제 1 채점 중...
  ✅ 점수: 0.0점 (input() 사용으로 테스트 불가 (solution 함수 형식 필요))

문제 2 채점 중...
  ✅ 점수: 100.0점 (6/6 테스트 통과)

문제 3 채점 중...
  ✅ 점수: 100.0점 (5/5 테스트 통과)


======================================================================
📊 곽현엽 채점 완료: 2/3 문제 완료, 총점: 66.7/100
======================================================================

⏭️  권희재: 제출된 코드 없음 (건너뛰기)


======================================================================
📝 채점 중: 김도훈
======================================================================

문제 1 채점 중...
  ✅ 점수: 0.0점 (input() 사용으로 테스트 불가 (solution 함수 형식 필요))

문제 2 채점 중...
  ✅ 점수: 10.0점 (구문 오류: invalid syntax. Maybe you meant '==' or ':=' instead of '='? (<string>, line 4))

문제 3 채점 중...
  ✅ 점수: 100.0점 (5/5 테스트 통과)


======================================================================
📊 김도훈 채점 완료: 2/3 문제 완료, 총점: 36.7/100
======================================================================


======================================================================
📝 채점 중: 김동현
======================================================================

문제 1 채점 중...
  ✅ 점수: 0.0점 (실행 오류: name 'num1' is not defined)

문제 2 채점 중...
  ✅ 점수: 100.0점 (6/6 테스트 통과)

문제 3 채점 중...
  ✅ 점수: 0.0점 (구문 오류: 'return' outside function (<string>, line 5))


======================================================================
📊 김동현 채점 완료: 1/3 문제 완료, 총점: 33.3/100
======================================================================


======================================================================
📝 채점 중: 김민서
======================================================================

문제 1 채점 중...
  ✅ 점수: 0.0점 (input() 사용으로 테스트 불가 (solution 함수 형식 필요))

문제 2 채점 중...
  ❌ 코드 없음 (0점)

문제 3 채점 중...
  ❌ 코드 없음 (0점)


======================================================================
📊 김민서 채점 완료: 0/3 문제 완료, 총점: 0.0/100
======================================================================

⏭️  김서빈: 제출된 코드 없음 (건너뛰기)

⏭️  김서현: 제출된 코드 없음 (건너뛰기)

⏭️  김선재: 제출된 코드 없음 (건너뛰기)


======================================================================
📝 채점 중: 김세희
======================================================================

문제 1 채점 중...
  ✅ 점수: 0.0점 (구문 오류: Missing parentheses in call to 'print'. Did you mean print(...)? (<string>, line 2))

문제 2 채점 중...
  ✅ 점수: 0.0점 (구문 오류: invalid syntax (<string>, line 1))

문제 3 채점 중...
  ✅ 점수: 0.0점 (실행 오류: name 'N' is not defined)


======================================================================
📊 김세희 채점 완료: 0/3 문제 완료, 총점: 0.0/100
======================================================================

⏭️  김소민: 제출된 코드 없음 (건너뛰기)


======================================================================
📝 채점 중: 김수민
======================================================================

문제 1 채점 중...
  ✅ 점수: 0.0점 (input() 사용으로 테스트 불가 (solution 함수 형식 필요))

문제 2 채점 중...
  ✅ 점수: 10.0점 (구문 오류: expected ':' (<string>, line 1))

문제 3 채점 중...
  ✅ 점수: 10.0점 (구문 오류: expected an indented block after function definition on line 1 (<string>, line 2))


======================================================================
📊 김수민 채점 완료: 2/3 문제 완료, 총점: 6.7/100
======================================================================


======================================================================
📝 채점 중: 김수진
======================================================================

문제 1 채점 중...
  ✅ 점수: 0.0점 (input() 사용으로 테스트 불가 (solution 함수 형식 필요))

문제 2 채점 중...
  ✅ 점수: 0.0점 (실행 오류: name 'angle' is not defined)

문제 3 채점 중...
  ✅ 점수: 0.0점 (구문 오류: expected '(' (<string>, line 1))


======================================================================
📊 김수진 채점 완료: 0/3 문제 완료, 총점: 0.0/100
======================================================================

⏭️  김영채: 제출된 코드 없음 (건너뛰기)

⏭️  김예린: 제출된 코드 없음 (건너뛰기)

⏭️  김예솔: 제출된 코드 없음 (건너뛰기)

⏭️  김유진: 제출된 코드 없음 (건너뛰기)


======================================================================
📝 채점 중: 김유진B
======================================================================

문제 1 채점 중...
  ✅ 점수: 0.0점 (실행 오류: name 'num1' is not defined)

문제 2 채점 중...
  ✅ 점수: 100.0점 (6/6 테스트 통과)

문제 3 채점 중...
  ✅ 점수: 100.0점 (5/5 테스트 통과)


======================================================================
📊 김유진B 채점 완료: 2/3 문제 완료, 총점: 66.7/100
======================================================================

⏭️  김은미: 제출된 코드 없음 (건너뛰기)


======================================================================
📝 채점 중: 김재성
======================================================================

문제 1 채점 중...
  ✅ 점수: 0.0점 (실행 오류: unsupported operand type(s) for *: 'dict' and 'dict')

문제 2 채점 중...
  ✅ 점수: 100.0점 (6/6 테스트 통과)

문제 3 채점 중...
  ✅ 점수: 100.0점 (5/5 테스트 통과)


======================================================================
📊 김재성 채점 완료: 2/3 문제 완료, 총점: 66.7/100
======================================================================


======================================================================
📝 채점 중: 김재욱
======================================================================

문제 1 채점 중...
  ✅ 점수: 0.0점 (구문 오류: unterminated f-string literal (detected at line 6) (<string>, line 6))

문제 2 채점 중...
  ✅ 점수: 0.0점 (구문 오류: unterminated string literal (detected at line 4) (<string>, line 4))

문제 3 채점 중...
  ❌ 코드 없음 (0점)


======================================================================
📊 김재욱 채점 완료: 0/3 문제 완료, 총점: 0.0/100
======================================================================

⏭️  남효윤: 제출된 코드 없음 (건너뛰기)

⏭️  민지선: 제출된 코드 없음 (건너뛰기)

⏭️  박소희: 제출된 코드 없음 (건너뛰기)


======================================================================
📝 채점 중: 박유나
======================================================================

문제 1 채점 중...
  ✅ 점수: 0.0점 (실행 오류: name 'insert' is not defined)

문제 2 채점 중...
  ✅ 점수: 10.0점 (구문 오류: expected an indented block after 'if' statement on line 2 (<string>, line 3))

문제 3 채점 중...
