📂 하드스킬 답안 데이터 로딩 중...
✅ 74명의 데이터 로드 완료


======================================================================
📝 채점 중: 강우진
======================================================================

문제 1 채점 중...
  ✅ 점수: 0.0점 (input() 사용으로 테스트 불가 (solution 함수 형식 필요))

문제 2 채점 중...
  ✅ 점수: 100.0점 (6/6 테스트 통과)

문제 3 채점 중...
  ✅ 점수: 10.0점 (구문 오류: invalid syntax (<string>, line 3))


======================================================================
📊 강우진 채점 완료: 2/3 문제 완료, 총점: 36.7/100
======================================================================

⏭️  강충원: 제출된 코드 없음 (건너뛰기)


======================================================================
📝 채점 중: 곽현엽
======================================================================

문제 1 채점 중...
  ✅ 점수: 0.0점 (input() 사용으로 테스트 불가 (solution 함수 형식 필요))

문제 2 채점 중...
  ✅ 점수: 100.0점 (6/6 테스트 통과)

문제 3 채점 중...
  ✅ 점수: 100.0점 (5/5 테스트 통과)


======================================================================
📊 곽현엽 채점 완료: 2/3 문제 완료, 총점: 66.7/100
======================================================================

⏭️  권희재: 제출된 코드 없음 (건너뛰기)


======================================================================
📝 채점 중: 김도훈
======================================================================

문제 1 채점 중...
  ✅ 점수: 0.0점 (input() 사용으로 테스트 불가 (solution 함수 형식 필요))

문제 2 채점 중...
  ✅ 점수: 10.0점 (구문 오류: invalid syntax. Maybe you meant '==' or ':=' instead of '='? (<string>, line 4))

문제 3 채점 중...
  ✅ 점수: 100.0점 (5/5 테스트 통과)


======================================================================
📊 김도훈 채점 완료: 2/3 문제 완료, 총점: 36.7/100
======================================================================


======================================================================
📝 채점 중: 김동현
======================================================================

문제 1 채점 중...
  ✅ 점수: 0.0점 (실행 오류: name 'num1' is not defined)

문제 2 채점 중...
  ✅ 점수: 100.0점 (6/6 테스트 통과)

문제 3 채점 중...
  ✅ 점수: 0.0점 (구문 오류: 'return' outside function (<string>, line 5))


======================================================================
📊 김동현 채점 완료: 1/3 문제 완료, 총점: 33.3/100
======================================================================


======================================================================
📝 채점 중: 김민서
======================================================================

문제 1 채점 중...
  ✅ 점수: 0.0점 (input() 사용으로 테스트 불가 (solution 함수 형식 필요))

문제 2 채점 중...
  ❌ 코드 없음 (0점)

문제 3 채점 중...
  ❌ 코드 없음 (0점)


======================================================================
📊 김민서 채점 완료: 0/3 문제 완료, 총점: 0.0/100
======================================================================

⏭️  김서빈: 제출된 코드 없음 (건너뛰기)

⏭️  김서현: 제출된 코드 없음 (건너뛰기)

⏭️  김선재: 제출된 코드 없음 (건너뛰기)


======================================================================
📝 채점 중: 김세희
======================================================================

문제 1 채점 중...
  ✅ 점수: 0.0점 (구문 오류: Missing parentheses in call to 'print'. Did you mean print(...)? (<string>, line 2))

문제 2 채점 중...
  ✅ 점수: 0.0점 (구문 오류: invalid syntax (<string>, line 1))

문제 3 채점 중...
  ✅ 점수: 0.0점 (실행 오류: name 'N' is not defined)


======================================================================
📊 김세희 채점 완료: 0/3 문제 완료, 총점: 0.0/100
======================================================================

⏭️  김소민: 제출된 코드 없음 (건너뛰기)


======================================================================
📝 채점 중: 김수민
======================================================================

문제 1 채점 중...
  ✅ 점수: 0.0점 (input() 사용으로 테스트 불가 (solution 함수 형식 필요))

문제 2 채점 중...
  ✅ 점수: 10.0점 (구문 오류: expected ':' (<string>, line 1))

문제 3 채점 중...
  ✅ 점수: 10.0점 (구문 오류: expected an indented block after function definition on line 1 (<string>, line 2))


======================================================================
📊 김수민 채점 완료: 2/3 문제 완료, 총점: 6.7/100
======================================================================


======================================================================
📝 채점 중: 김수진
======================================================================

문제 1 채점 중...
  ✅ 점수: 0.0점 (input() 사용으로 테스트 불가 (solution 함수 형식 필요))

문제 2 채점 중...
  ✅ 점수: 0.0점 (실행 오류: name 'angle' is not defined)

문제 3 채점 중...
  ✅ 점수: 0.0점 (구문 오류: expected '(' (<string>, line 1))


======================================================================
📊 김수진 채점 완료: 0/3 문제 완료, 총점: 0.0/100
======================================================================

⏭️  김영채: 제출된 코드 없음 (건너뛰기)

⏭️  김예린: 제출된 코드 없음 (건너뛰기)

⏭️  김예솔: 제출된 코드 없음 (건너뛰기)

⏭️  김유진: 제출된 코드 없음 (건너뛰기)


======================================================================
📝 채점 중: 김유진B
======================================================================

문제 1 채점 중...
  ✅ 점수: 0.0점 (실행 오류: name 'num1' is not defined)

문제 2 채점 중...
  ✅ 점수: 100.0점 (6/6 테스트 통과)

문제 3 채점 중...
  ✅ 점수: 100.0점 (5/5 테스트 통과)


======================================================================
📊 김유진B 채점 완료: 2/3 문제 완료, 총점: 66.7/100
======================================================================

⏭️  김은미: 제출된 코드 없음 (건너뛰기)


======================================================================
📝 채점 중: 김재성
======================================================================

문제 1 채점 중...
  ✅ 점수: 0.0점 (실행 오류: unsupported operand type(s) for *: 'dict' and 'dict')

문제 2 채점 중...
  ✅ 점수: 100.0점 (6/6 테스트 통과)

문제 3 채점 중...
  ✅ 점수: 100.0점 (5/5 테스트 통과)


======================================================================
📊 김재성 채점 완료: 2/3 문제 완료, 총점: 66.7/100
======================================================================


======================================================================
📝 채점 중: 김재욱
======================================================================

문제 1 채점 중...
  ✅ 점수: 0.0점 (구문 오류: unterminated f-string literal (detected at line 6) (<string>, line 6))

문제 2 채점 중...
  ✅ 점수: 0.0점 (구문 오류: unterminated string literal (detected at line 4) (<string>, line 4))

문제 3 채점 중...
  ❌ 코드 없음 (0점)


======================================================================
📊 김재욱 채점 완료: 0/3 문제 완료, 총점: 0.0/100
======================================================================

⏭️  남효윤: 제출된 코드 없음 (건너뛰기)

⏭️  민지선: 제출된 코드 없음 (건너뛰기)

⏭️  박소희: 제출된 코드 없음 (건너뛰기)


======================================================================
📝 채점 중: 박유나
======================================================================

문제 1 채점 중...
  ✅ 점수: 0.0점 (실행 오류: name 'insert' is not defined)

문제 2 채점 중...
  ✅ 점수: 10.0점 (구문 오류: expected an indented block after 'if' statement on line 2 (<string>, line 3))

문제 3 채점 중...
  ✅ 점수: 10.0점 (0/5 테스트 통과)


======================================================================
📊 박유나 채점 완료: 2/3 문제 완료, 총점: 6.7/100
======================================================================

⏭️  박종민: 제출된 코드 없음 (건너뛰기)

⏭️  반경림: 제출된 코드 없음 (건너뛰기)


======================================================================
📝 채점 중: 배민준
======================================================================

문제 1 채점 중...
  ✅ 점수: 0.0점 (input() 사용으로 테스트 불가 (solution 함수 형식 필요))

문제 2 채점 중...
  ✅ 점수: 100.0점 (6/6 테스트 통과)

문제 3 채점 중...
  ✅ 점수: 100.0점 (5/5 테스트 통과)


======================================================================
📊 배민준 채점 완료: 2/3 문제 완료, 총점: 66.7/100
======================================================================


======================================================================
📝 채점 중: 백지훈
======================================================================

문제 1 채점 중...
  ✅ 점수: 0.0점 (구문 오류: invalid syntax (<string>, line 3))

문제 2 채점 중...
  ✅ 점수: 0.0점 (구문 오류: expected an indented block after 'if' statement on line 2 (<string>, line 3))

문제 3 채점 중...
  ✅ 점수: 0.0점 (실행 오류: name 'N' is not defined)


======================================================================
📊 백지훈 채점 완료: 0/3 문제 완료, 총점: 0.0/100
======================================================================


======================================================================
📝 채점 중: 서인준
======================================================================

문제 1 채점 중...
  ✅ 점수: 0.0점 (solution 함수를 찾을 수 없습니다.)

문제 2 채점 중...
  ✅ 점수: 0.0점 (구문 오류: invalid syntax. Maybe you meant '==' or ':=' instead of '='? (<string>, line 4))

문제 3 채점 중...
  ✅ 점수: 0.0점 (구문 오류: invalid syntax (<string>, line 4))


======================================================================
📊 서인준 채점 완료: 0/3 문제 완료, 총점: 0.0/100
======================================================================

⏭️  소리: 제출된 코드 없음 (건너뛰기)


======================================================================
📝 채점 중: 송민유
======================================================================

문제 1 채점 중...
  ✅ 점수: 0.0점 (input() 사용으로 테스트 불가 (solution 함수 형식 필요))

문제 2 채점 중...
  ✅ 점수: 0.0점 (구문 오류: expected an indented block after 'else' statement on line 3 (<string>, line 3))

문제 3 채점 중...
  ✅ 점수: 0.0점 (구문 오류: '(' was never closed (<string>, line 2))


======================================================================
📊 송민유 채점 완료: 0/3 문제 완료, 총점: 0.0/100
======================================================================


======================================================================
📝 채점 중: 송세호
======================================================================

문제 1 채점 중...
  ✅ 점수: 0.0점 (실행 오류: name 'num1' is not defined)

문제 2 채점 중...
  ✅ 점수: 0.0점 (구문 오류: invalid syntax (<string>, line 1))

문제 3 채점 중...
  ✅ 점수: 0.0점 (구문 오류: invalid syntax (<string>, line 1))


======================================================================
📊 송세호 채점 완료: 0/3 문제 완료, 총점: 0.0/100
======================================================================


======================================================================
📝 채점 중: 신재안
======================================================================

문제 1 채점 중...
  ✅ 점수: 0.0점 (구문 오류: Missing parentheses in call to 'print'. Did you mean print(...)? (<string>, line 1))

문제 2 채점 중...
  ✅ 점수: 100.0점 (6/6 테스트 통과)

문제 3 채점 중...
  ✅ 점수: 0.0점 (구문 오류: invalid syntax (<string>, line 1))


======================================================================
📊 신재안 채점 완료: 1/3 문제 완료, 총점: 33.3/100
======================================================================

⏭️  안수현: 제출된 코드 없음 (건너뛰기)


======================================================================
📝 채점 중: 오종화
======================================================================

문제 1 채점 중...
  ✅ 점수: 0.0점 (실행 오류: unsupported operand type(s) for *: 'type' and 'type')

문제 2 채점 중...
  ✅ 점수: 100.0점 (6/6 테스트 통과)

문제 3 채점 중...
6
24
1
  ✅ 점수: 100.0점 (5/5 테스트 통과)


======================================================================
📊 오종화 채점 완료: 2/3 문제 완료, 총점: 66.7/100
======================================================================


======================================================================
📝 채점 중: 유민지
======================================================================

문제 1 채점 중...
  ✅ 점수: 0.0점 (input() 사용으로 테스트 불가 (solution 함수 형식 필요))

문제 2 채점 중...
  ✅ 점수: 100.0점 (6/6 테스트 통과)

문제 3 채점 중...
  ✅ 점수: 100.0점 (5/5 테스트 통과)


======================================================================
📊 유민지 채점 완료: 2/3 문제 완료, 총점: 66.7/100
======================================================================

⏭️  유수연: 제출된 코드 없음 (건너뛰기)


======================================================================
📝 채점 중: 유정민
======================================================================

문제 1 채점 중...
  ✅ 점수: 0.0점 (input() 사용으로 테스트 불가 (solution 함수 형식 필요))

문제 2 채점 중...
  ✅ 점수: 0.0점 (구문 오류: invalid syntax (<string>, line 1))

문제 3 채점 중...
  ✅ 점수: 10.0점 (구문 오류: expected ':' (<string>, line 1))


======================================================================
📊 유정민 채점 완료: 1/3 문제 완료, 총점: 3.3/100
======================================================================

⏭️  윤성원: 제출된 코드 없음 (건너뛰기)

⏭️  이나경: 제출된 코드 없음 (건너뛰기)

⏭️  이상현: 제출된 코드 없음 (건너뛰기)

⏭️  이세민: 제출된 코드 없음 (건너뛰기)

⏭️  이승민: 제출된 코드 없음 (건너뛰기)


======================================================================
📝 채점 중: 이승상
======================================================================

문제 1 채점 중...
  ✅ 점수: 0.0점 (실행 오류: name 'num1' is not defined)

문제 2 채점 중...
  ✅ 점수: 0.0점 (구문 오류: invalid syntax (<string>, line 1))

문제 3 채점 중...
  ✅ 점수: 0.0점 (구문 오류: invalid syntax (<string>, line 7))


======================================================================
📊 이승상 채점 완료: 0/3 문제 완료, 총점: 0.0/100
======================================================================


======================================================================
📝 채점 중: 이언주
======================================================================

문제 1 채점 중...
  ✅ 점수: 0.0점 (구문 오류: Missing parentheses in call to 'print'. Did you mean print(...)? (<string>, line 2))

문제 2 채점 중...
  ✅ 점수: 0.0점 (구문 오류: Missing parentheses in call to 'print'. Did you mean print(...)? (<string>, line 1))

문제 3 채점 중...
  ✅ 점수: 0.0점 (구문 오류: Missing parentheses in call to 'print'. Did you mean print(...)? (<string>, line 4))


======================================================================
📊 이언주 채점 완료: 0/3 문제 완료, 총점: 0.0/100
======================================================================

⏭️  이예은: 제출된 코드 없음 (건너뛰기)


======================================================================
📝 채점 중: 이예진
======================================================================

문제 1 채점 중...
  ✅ 점수: 0.0점 (실행 오류: name 'num1' is not defined)

문제 2 채점 중...
  ✅ 점수: 0.0점 (구문 오류: invalid syntax (<string>, line 1))

문제 3 채점 중...
  ✅ 점수: 0.0점 (구문 오류: invalid syntax (<string>, line 1))


======================================================================
📊 이예진 채점 완료: 0/3 문제 완료, 총점: 0.0/100
======================================================================


======================================================================
📝 채점 중: 이원재
======================================================================

문제 1 채점 중...
  ✅ 점수: 0.0점 (실행 오류: name 'num1' is not defined)

문제 2 채점 중...
  ✅ 점수: 0.0점 (구문 오류: invalid syntax (<string>, line 1))

문제 3 채점 중...
  ✅ 점수: 0.0점 (구문 오류: invalid syntax (<string>, line 1))


======================================================================
📊 이원재 채점 완료: 0/3 문제 완료, 총점: 0.0/100
======================================================================

⏭️  이윤성: 제출된 코드 없음 (건너뛰기)

⏭️  이충민: 제출된 코드 없음 (건너뛰기)


======================================================================
📝 채점 중: 이현진
======================================================================

문제 1 채점 중...
  ✅ 점수: 0.0점 (실행 오류: name 'num1' is not defined)

문제 2 채점 중...
  ✅ 점수: 0.0점 (구문 오류: unexpected indent (<string>, line 3))

문제 3 채점 중...
  ✅ 점수: 0.0점 (실행 오류: name 'N' is not defined)


======================================================================
📊 이현진 채점 완료: 0/3 문제 완료, 총점: 0.0/100
======================================================================

⏭️  이호준: 제출된 코드 없음 (건너뛰기)


======================================================================
📝 채점 중: 이효성
======================================================================

문제 1 채점 중...
  ✅ 점수: 0.0점 (실행 오류: name 'num1' is not defined)

문제 2 채점 중...
  ✅ 점수: 0.0점 (구문 오류: invalid syntax (<string>, line 1))

문제 3 채점 중...
  ✅ 점수: 0.0점 (구문 오류: invalid syntax (<string>, line 1))


======================================================================
📊 이효성 채점 완료: 0/3 문제 완료, 총점: 0.0/100
======================================================================


======================================================================
📝 채점 중: 임아인
======================================================================

문제 1 채점 중...
  ✅ 점수: 0.0점 (input() 사용으로 테스트 불가 (solution 함수 형식 필요))

문제 2 채점 중...
  ✅ 점수: 0.0점 (input() 사용으로 테스트 불가 (solution 함수 형식 필요))

문제 3 채점 중...
  ✅ 점수: 0.0점 (실행 오류: name 'n' is not defined)


======================================================================
📊 임아인 채점 완료: 0/3 문제 완료, 총점: 0.0/100
======================================================================


======================================================================
📝 채점 중: 임희원
======================================================================

문제 1 채점 중...
  ✅ 점수: 0.0점 (실행 오류: name 'num1' is not defined)

문제 2 채점 중...
  ✅ 점수: 0.0점 (구문 오류: invalid syntax (<string>, line 1))

문제 3 채점 중...
  ✅ 점수: 0.0점 (구문 오류: invalid syntax (<string>, line 1))


======================================================================
📊 임희원 채점 완료: 0/3 문제 완료, 총점: 0.0/100
======================================================================

⏭️  장채연: 제출된 코드 없음 (건너뛰기)

⏭️  장혜지: 제출된 코드 없음 (건너뛰기)

⏭️  정기찬: 제출된 코드 없음 (건너뛰기)

⏭️  정유정: 제출된 코드 없음 (건너뛰기)


======================================================================
📝 채점 중: 정해빈
======================================================================

문제 1 채점 중...
  ✅ 점수: 0.0점 (구문 오류: invalid syntax (<string>, line 1))

문제 2 채점 중...
  ✅ 점수: 10.0점 (구문 오류: expected ':' (<string>, line 1))

문제 3 채점 중...
  ✅ 점수: 10.0점 (구문 오류: expected ':' (<string>, line 1))


======================================================================
📊 정해빈 채점 완료: 2/3 문제 완료, 총점: 6.7/100
======================================================================


======================================================================
📝 채점 중: 정혜우
======================================================================

문제 1 채점 중...
  ✅ 점수: 0.0점 (실행 오류: name 'num1' is not defined)

문제 2 채점 중...
  ✅ 점수: 0.0점 (구문 오류: invalid syntax (<string>, line 1))

문제 3 채점 중...
  ✅ 점수: 0.0점 (구문 오류: invalid syntax (<string>, line 1))


======================================================================
📊 정혜우 채점 완료: 0/3 문제 완료, 총점: 0.0/100
======================================================================

⏭️  조예진: 제출된 코드 없음 (건너뛰기)


======================================================================
📝 채점 중: 주일찬
======================================================================

문제 1 채점 중...
  ✅ 점수: 0.0점 (실행 오류: name 'num1' is not defined)

문제 2 채점 중...
  ✅ 점수: 0.0점 (구문 오류: invalid syntax. Maybe you meant '==' or ':=' instead of '='? (<string>, line 4))

문제 3 채점 중...
  ✅ 점수: 100.0점 (5/5 테스트 통과)


======================================================================
📊 주일찬 채점 완료: 1/3 문제 완료, 총점: 33.3/100
======================================================================


======================================================================
📝 채점 중: 주지현
======================================================================

문제 1 채점 중...
  ✅ 점수: 100.0점 (5/5 테스트 통과)

문제 2 채점 중...
  ✅ 점수: 10.0점 (구문 오류: invalid syntax (<string>, line 4))

문제 3 채점 중...
  ✅ 점수: 100.0점 (5/5 테스트 통과)


======================================================================
📊 주지현 채점 완료: 3/3 문제 완료, 총점: 70.0/100
======================================================================


======================================================================
📝 채점 중: 천예원
======================================================================

문제 1 채점 중...
  ✅ 점수: 0.0점 (실행 오류: name 'num1' is not defined)

문제 2 채점 중...
  ✅ 점수: 100.0점 (6/6 테스트 통과)

문제 3 채점 중...
  ✅ 점수: 100.0점 (5/5 테스트 통과)


======================================================================
📊 천예원 채점 완료: 2/3 문제 완료, 총점: 66.7/100
======================================================================


======================================================================
📝 채점 중: 최원영
======================================================================

문제 1 채점 중...
  ✅ 점수: 0.0점 (구문 오류: expected '(' (<string>, line 1))

문제 2 채점 중...
  ✅ 점수: 0.0점 (구문 오류: expected ':' (<string>, line 1))

문제 3 채점 중...
  ✅ 점수: 100.0점 (5/5 테스트 통과)


======================================================================
📊 최원영 채점 완료: 1/3 문제 완료, 총점: 33.3/100
======================================================================

⏭️  최지원: 제출된 코드 없음 (건너뛰기)

⏭️  표서윤: 제출된 코드 없음 (건너뛰기)


======================================================================
📝 채점 중: 한결
======================================================================

문제 1 채점 중...
  ✅ 점수: 0.0점 (구문 오류: invalid syntax (<string>, line 1))

문제 2 채점 중...
  ✅ 점수: 10.0점 (구문 오류: expected ':' (<string>, line 4))

문제 3 채점 중...
  ✅ 점수: 0.0점 (구문 오류: invalid syntax (<string>, line 1))


======================================================================
📊 한결 채점 완료: 1/3 문제 완료, 총점: 3.3/100
======================================================================

⏭️  허진아: 제출된 코드 없음 (건너뛰기)


======================================================================
📝 채점 중: 홍서빈
======================================================================

문제 1 채점 중...
  ✅ 점수: 0.0점 (실행 오류: name 'num1' is not defined)

문제 2 채점 중...
  ✅ 점수: 0.0점 (구문 오류: invalid character '≤' (U+2264) (<string>, line 2))

문제 3 채점 중...
  ✅ 점수: 0.0점 (구문 오류: invalid syntax (<string>, line 1))


======================================================================
📊 홍서빈 채점 완료: 0/3 문제 완료, 총점: 0.0/100
======================================================================

⏭️  홍성헌: 제출된 코드 없음 (건너뛰기)


✅ 리포트 생성 완료: hardskill_grades.txt

🎉 모든 채점 완료!
📊 총 37명 채점
